1+1:                          Канал 1+1,1+1.jpg,1
2+2:                          2+2 (кино),2+2.jpg,2
5 канал:                      5 канал (Украина),5 канал.jpg,3
Business:                     Business (Украина),Business.png,4
ICTV:                         ICTV (Украина),ICTV.jpg,5
Інтер:                        Интер,Інтер.jpg,6
К1:                           К1,К1.jpeg,7
КРТ:                          КРТ (Киевская русь),КРТ.jpeg,8
М1:                           М-1,М1.jpeg,9
Новий канал:                  Новый Канал,Новий канал.jpg,10
НТН:                          НТН (Украина),НТН.jpg,11
Перший національний:          Первый национальный (Украина),Перший національний.jpg,12
Плюс Плюс:                    ПЛЮСПЛЮС,Плюс Плюс.jpeg,13
СТБ:                          СТБ,СТБ.jpeg,14
ТЕТ:                          ТЕТ,ТЕТ.jpg,15
Тоніс:                        Тонис,Тоніс.jpg,16
ТРК Київ:                     ТРК Киев,ТРК Київ.jpg,17
ТРК Україна:                  Украина,ТРК Україна.jpg,18
112 Украина:                  112 Украина,112 Украина.png,19
BlackSea TV:                  BlackSea TV,BlackSea TV.jpeg,20
CNL Ukraine:                  CNL Ukraine,CNL Ukraine.jpeg,21
M2:                           M2,M2.jpeg,22
MAXXI TV:                     MAXXI-TV,MAXXI TV.jpg,23
Music Box UA:                 Music Box Ua,Music Box UA.jpg,24
MІ Lady Television:           MІ Lady Television,MІ Lady Television.jpeg,25
News One:                     NewsOne,News One.jpeg,26
NewsNetwork:                  NewsNetwork,NewsNetwork.jpeg,27
O-TV:                         O-TV,O-TV.jpg,28
OE TV:                        OE TV,OE TV.png,29
Pro Все:                      Pro все,Pro Все.jpeg,30
QTV:                          QTV (Куй ТВ),QTV.jpeg,31
RTI:                          RTI,RTI.png,32
RU Music:                     RU MUSIC,RU Music.jpg,33
UBR:                          UBR,UBR.jpeg,34
zik:                          ZIK,zik.png,35
Індиго:                       Індиго,Індиго.png,36
Вінтаж:                       Вінтаж,Вінтаж.png,37
Гамма:                        Гамма,Гамма.jpg,38
Глас:                         Глас,Глас.png,39
Ескулап:                      Ескулап,Ескулап.jpeg,40
Еспрессо TV:                  Еспрессо TV,Еспрессо TV.png,41
Культура:                     Россия Культура,Культура.png,42
Львів ТБ:                     Львів ТБ,Львів ТБ.png,43
Малятко ТВ:                   Малятко ТВ,Малятко ТВ.jpeg,44
Надія:                        Надія,Надія.png,45
НЛО ТВ:                       НЛО-ТВ,НЛО ТВ.png,46
Перший діловий:               Первый деловой,Перший діловий.jpg,47
Планета (Україна):            Планета (Україна),Планета (Україна).jpeg,48
Право TV:                     Право TV,Право TV.jpeg,49
РАДА:                         РАДА,РАДА.jpg,50
Сонце:                        Сонце,Сонце.gif,51
Соціальна країна:             Соціальна країна,Соціальна країна.jpeg,52
Телеканал Новин 24:           Телеканал 24,Телеканал Новин 24.jpeg,53
ЧП инфо:                      ЧП.Info,ЧП инфо.gif,54
ЭКО-ТВ:                       ЭКО-ТВ,ЭКО-ТВ.gif,55
